]0;~/Documents/Data/harwell[?1034h6300L-127771-M:harwell malishev$ [K6300L-127771-M:harwell malishev$ git init
Initialized empty Git repository in /Users/malishev/Documents/Data/harwell/.git/
]0;~/Documents/Data/harwell6300L-127771-M:harwell malishev$ ls -a
.		.Rproj.user	harwell_gift.R	snab_wavs.Rproj
..		.git		snab_wavs.R
]0;~/Documents/Data/harwell6300L-127771-M:harwell malishev$ touch .gitignore
]0;~/Documents/Data/harwell6300L-127771-M:harwell malishev$ open .git
.git/       .gitignore  
6300L-127771-M:harwell malishev$ open .gitignore 
]0;~/Documents/Data/harwell6300L-127771-M:harwell malishev$ git add . 
]0;~/Documents/Data/harwell6300L-127771-M:harwell malishev$ git commit .
error: There was a problem with the editor 'vi'.
Please supply the message using either -m or -F option.
]0;~/Documents/Data/harwell6300L-127771-M:harwell malishev$ git status
On branch master

Initial commit

Changes to be committed:
  (use "git rm --cached <file>..." to unstage)

	[32mnew file:   .Rproj.user/ABE7B653/console06/D75EE2DD[m
	[32mnew file:   .Rproj.user/ABE7B653/console06/D75EE2DD.env[m
	[32mnew file:   .Rproj.user/ABE7B653/console06/INDEX001[m
	[32mnew file:   .Rproj.user/ABE7B653/sources/prop/3A2F62A8[m
	[32mnew file:   .Rproj.user/ABE7B653/sources/prop/FB77F338[m
	[32mnew file:   .Rproj.user/ABE7B653/sources/prop/INDEX[m
	[32mnew file:   .Rproj.user/ABE7B653/sources/s-3B0F3C8F/9BB4B8CF-contents[m
	[32mnew file:   .Rproj.user/ABE7B653/sources/s-3B0F3C8F/C6CB5173[m
	[32mnew file:   .Rproj.user/ABE7B653/sources/s-3B0F3C8F/C6CB5173-contents[m
	[32mnew file:   .Rproj.user/ABE7B653/sources/s-3B0F3C8F/lock_file[m
	[32mnew file:   .Rproj.user/shared/notebooks/patch-chunk-names[m
	[32mnew file:   .Rproj.user/shared/notebooks/paths[m
	[32mnew file:   .gitignore[m
	[32mnew file:   harwell_gift.R[m
	[32mnew file:   snab_wavs.R[m
	[32mnew file:   snab_wavs.Rproj[m

Changes not staged for commit:
  (use "git add <file>..." to update what will be committed)
  (use "git checkout -- <file>..." to discard changes in working directory)

	[31mmodified:   .Rproj.user/ABE7B653/console06/D75EE2DD[m
	[31mmodified:   .Rproj.user/ABE7B653/console06/INDEX001[m

]0;~/Documents/Data/harwell6300L-127771-M:harwell malishev$ git commi t0[K[K[Kt -m ''i'n'i't'
[master (root-commit) 443cd0b] init
 16 files changed, 297 insertions(+)
 create mode 100644 .Rproj.user/ABE7B653/console06/D75EE2DD
 create mode 100644 .Rproj.user/ABE7B653/console06/D75EE2DD.env
 create mode 100644 .Rproj.user/ABE7B653/console06/INDEX001
 create mode 100644 .Rproj.user/ABE7B653/sources/prop/3A2F62A8
 create mode 100644 .Rproj.user/ABE7B653/sources/prop/FB77F338
 create mode 100644 .Rproj.user/ABE7B653/sources/prop/INDEX
 create mode 100644 .Rproj.user/ABE7B653/sources/s-3B0F3C8F/9BB4B8CF-contents
 create mode 100644 .Rproj.user/ABE7B653/sources/s-3B0F3C8F/C6CB5173
 create mode 100644 .Rproj.user/ABE7B653/sources/s-3B0F3C8F/C6CB5173-contents
 create mode 100644 .Rproj.user/ABE7B653/sources/s-3B0F3C8F/lock_file
 create mode 100644 .Rproj.user/shared/notebooks/patch-chunk-names
 create mode 100644 .Rproj.user/shared/notebooks/paths
 create mode 100644 .gitignore
 create mode 100644 harwell_gift.R
 create mode 100644 snab_wavs.R
 create mode 100644 snab_wavs.Rproj
]0;~/Documents/Data/harwell6300L-127771-M:harwell malishev$ git add origin remote ""[C[C[C[C[C[C[C[C[C[K[1P"[1P"[1P"[1P"[1P"[1P"[1P"[1P"[1P"[1P"[1P"[1P"[1P"[1P"[1P"[1P"[1P"[1P"r"e"m"o"t"e" "a"d"d" "o"r"i"g"i"n" "[C"h"t"t"p"s":"/"/"g"i"t"h"u"b"."c"o"m"/"d"a"r"w"i"n"a"n"d"d"a" [A[C[C[C[C[C[C[C[C[C[C[C[C[C[C[C[C[C[C[C[C[C[C[C[C[C[C[C[C[C[C[C[C[C[C[C[C[C[C[C[C[C[C[C[C[C[C[C[C[C[C[C[C[C[C[C[C[C[C[C[C[C[C[C[C[C[C[C[C[C[C[C[C[C[C[C[C[C[C[C[C[C[C[C[C[Cv""i"s"/"h"a"r"w"e"l"l";"2"D";"2"D"[1P"[A[C[C[C[C[C[C[C[C[C[C[C[C[C[C[C[C[C[C[C[C[C[Ccommit -m 'init'[K
[K[A[C[C[C[C[C[C[C[C[C[C[C[C[C[C[C[C[C[C[C[C[C[C[C[C[C[C[C[C[C[C[C[C[C[C[C[C[C[C[C[C[C[C[C[C[C[C[C[C[C[C[C[C[C[K[K[K[K[K[K[K[K[K[K[K[K[K[K[K[K[K[K[K[Ktouch open[K[K[K[KREADME.me[K[Kmd
]0;~/Documents/Data/harwell6300L-127771-M:harwell malishev$ pen[K[K[Kopen README.md 
]0;~/Documents/Data/harwell6300L-127771-M:harwell malishev$ git add .
]0;~/Documents/Data/harwell6300L-127771-M:harwell malishev$ git commit -m ';[C[K'i'n'i't'
[master 93e456a] init
 3 files changed, 90 insertions(+), 1 deletion(-)
 rewrite .Rproj.user/ABE7B653/console06/INDEX001 (70%)
 create mode 100644 README.md
]0;~/Documents/Data/harwell6300L-127771-M:harwell malishev$ git remote add origin ""#" "T"i"t"l"e"
]0;~/Documents/Data/harwell6300L-127771-M:harwell malishev$ 
]0;~/Documents/Data/harwell6300L-127771-M:harwell malishev$ ### Matthew Malishev<sup>1*</sup>
]0;~/Documents/Data/harwell6300L-127771-M:harwell malishev$ 
]0;~/Documents/Data/harwell6300L-127771-M:harwell malishev$ ##### _<sup>1</sup> Department of Biology, Emory Unive rsity, 1510 Clifton Road NE, Atlanta, GA, USA, 30322_    
]0;~/Documents/Data/harwell6300L-127771-M:harwell malishev$ 
]0;~/Documents/Data/harwell6300L-127771-M:harwell malishev$ ##### *Corresponding author: matthew.malishev@gmail.co m  
]0;~/Documents/Data/harwell6300L-127771-M:harwell malishev$ 
]0;~/Documents/Data/harwell6300L-127771-M:harwell malishev$ doi: [[DOI](https://zenodo.org/badge/96968871.svg)](ht tps://zenodo.org/badge/latestdoi/96968871)  
bash: syntax error near unexpected token `('
]0;~/Documents/Data/harwell6300L-127771-M:harwell malishev$ :link: [Link to Github](https://github.com/darwinandda vis)    
bash: syntax error near unexpected token `('
]0;~/Documents/Data/harwell6300L-127771-M:harwell malishev$ 
]0;~/Documents/Data/harwell6300L-127771-M:harwell malishev$ Versions:  
bash: Versions:: command not found
]0;~/Documents/Data/harwell6300L-127771-M:harwell malishev$  - R 3.5.0  
bash: -: command not found
]0;~/Documents/Data/harwell6300L-127771-M:harwell malishev$  - RStudio 1.1.453     
bash: -: command not found
]0;~/Documents/Data/harwell6300L-127771-M:harwell malishev$ 
]0;~/Documents/Data/harwell6300L-127771-M:harwell malishev$ ******
bash: README.md: command not found
]0;~/Documents/Data/harwell6300L-127771-M:harwell malishev$ 
]0;~/Documents/Data/harwell6300L-127771-M:harwell malishev$ File extensions:   
extensions:: cannot open `extensions:' (No such file or directory)
]0;~/Documents/Data/harwell6300L-127771-M:harwell malishev$ .R  
bash: .R: command not found
]0;~/Documents/Data/harwell6300L-127771-M:harwell malishev$ .Rmd  
bash: .Rmd: command not found
]0;~/Documents/Data/harwell6300L-127771-M:harwell malishev$ .csv    
bash: .csv: command not found
]0;~/Documents/Data/harwell6300L-127771-M:harwell malishev$ .pdf  
bash: .pdf: command not found
]0;~/Documents/Data/harwell6300L-127771-M:harwell malishev$ .html  
bash: .html: command not found
]0;~/Documents/Data/harwell6300L-127771-M:harwell malishev$ 
]0;~/Documents/Data/harwell6300L-127771-M:harwell malishev$ ******  
bash: README.md: command not found
]0;~/Documents/Data/harwell6300L-127771-M:harwell malishev$ 
]0;~/Documents/Data/harwell6300L-127771-M:harwell malishev$ ## Overview      
]0;~/Documents/Data/harwell6300L-127771-M:harwell malishev$ 
]0;~/Documents/Data/harwell6300L-127771-M:harwell malishev$ 
]0;~/Documents/Data/harwell6300L-127771-M:harwell malishev$ ### :pig: Troubleshooting for … 
]0;~/Documents/Data/harwell6300L-127771-M:harwell malishev$   
]0;~/Documents/Data/harwell6300L-127771-M:harwell malishev$ :one: Override user access to java system files (see [ https://stackoverflow.com/questions/30738974/    
bash: syntax error near unexpected token `('
]0;~/Documents/Data/harwell6300L-127771-M:harwell malishev$ 
]0;~/Documents/Data/harwell6300L-127771-M:harwell malishev$ ## References  
]0;~/Documents/Data/harwell6300L-127771-M:harwell malishev$ 
]0;~/Documents/Data/harwell6300L-127771-M:harwell malishev$ ## Maintainer  
]0;~/Documents/Data/harwell6300L-127771-M:harwell malishev$ **Matt Malishev**   
bash: **Matt: command not found
]0;~/Documents/Data/harwell6300L-127771-M:harwell malishev$ :mag: [Website](https://www.researchgate.net/profile/M att_Malishev)    
bash: syntax error near unexpected token `('
]0;~/Documents/Data/harwell6300L-127771-M:harwell malishev$ :bird: [@darwinanddavis](https://twitter.com/darwinand davis)  
bash: syntax error near unexpected token `('
]0;~/Documents/Data/harwell6300L-127771-M:harwell malishev$ :email: matthew.malishev [at] gmail.com    
bash: :email:: command not found
]0;~/Documents/Data/harwell6300L-127771-M:harwell malishev$ 
]0;~/Documents/Data/harwell6300L-127771-M:harwell malishev$ #### for rendering HTML from Github, prepend this to h tml link.  
]0;~/Documents/Data/harwell6300L-127771-M:harwell malishev$ http://htmlpreview.github.com/? 
bash: http://htmlpreview.github.com/? : No such file or directory
]0;~/Documents/Data/harwell6300L-127771-M:harwell malishev$ 
]0;~/Documents/Data/harwell6300L-127771-M:harwell malishev$ http://htmlpreview.github.com/? #### for rendering HTML from Github, prepend this to httml link.  [A[C[C[C[C[C[C[C[C[C[C[C[C[C[C[C[C[C[C[C[C[C[C[22Phttp://htmlpreview.github.com/? 
[K[A[C[C[C[C[C[C[C[C[C[C[C[C[C[C[C[C[C[C[C[C[C[C[C[C[C[C[C[C[C[C[C[C[C[C[C[C[C[C[C[C[C[C[C[C[C[C[C[C[C[C[C[C[C[C[C[C[C[C[C[C[C[C[C[C[C[Kgit remote add origin ""h"t"t"p"s":"/"/"g"i"t"h"u"b"."c"o"m"/"d"a"r"w"i"n"a"n"d"d"a" [A[C[C[C[C[C[C[C[C[C[C[C[C[C[C[C[C[C[C[C[C[C[C[C[C[C[C[C[C[C[C[C[C[C[C[C[C[C[C[C[C[C[C[C[C[C[C[C[C[C[C[C[C[C[C[C[C[C[C[C[C[C[C[C[C[C[C[C[C[C[C[C[C[C[C[C[C[C[C[C[C[C[C[C[C[Cv""i"s"/"h"a"r"w"e"l"l"
fatal: remote origin already exists.
]0;~/Documents/Data/harwell6300L-127771-M:harwell malishev$ git status
On branch master
Changes not staged for commit:
  (use "git add <file>..." to update what will be committed)
  (use "git checkout -- <file>..." to discard changes in working directory)

	[31mmodified:   .Rproj.user/ABE7B653/console06/D75EE2DD[m

no changes added to commit (use "git add" and/or "git commit -a")
]0;~/Documents/Data/harwell6300L-127771-M:harwell malishev$ git log
[?1h=[33mcommit 93e456aa2460a08967344f41b2ba112d878a791d[m[m
Author: darwinanddavis <matthew.malishev@gmail.com>[m
Date:   Fri Feb 1 16:10:38 2019 -0500[m
[m
    init[m
[m
[33mcommit 443cd0bb4d1ee206eac4712dd424143d2c598ca2[m[m
Author: darwinanddavis <matthew.malishev@gmail.com>[m
Date:   Fri Feb 1 16:06:40 2019 -0500[m
:[K[K[?1l>]0;~/Documents/Data/harwell6300L-127771-M:harwell malishev$ w
16:11  up 12 days, 20:11, 1 user, load averages: 2.28 2.69 2.75
USER     TTY      FROM              LOGIN@  IDLE WHAT
malishev console  -                19Jan19 12days -
]0;~/Documents/Data/harwell6300L-127771-M:harwell malishev$ git remote -v
origin	# Title (fetch)
origin	# Title (push)
]0;~/Documents/Data/harwell6300L-127771-M:harwell malishev$ git remote -vw[Kgit logstatusremote add origin "https://github.com/darwinanddaviis/harwell"
fatal: remote origin already exists.
]0;~/Documents/Data/harwell6300L-127771-M:harwell malishev$ git remote set-i[Kurl orogin [K[K[K[K[Kigin ""h"t"t"p"s":"/"/"g"i"t"h"u"b"."c"o"m"/"d"a"r"w"i"n"a" [A[C[C[C[C[C[C[C[C[C[C[C[C[C[C[C[C[C[C[C[C[C[C[C[C[C[C[C[C[C[C[C[C[C[C[C[C[C[C[C[C[C[C[C[C[C[C[C[C[C[C[C[C[C[C[C[C[C[C[C[C[C[C[C[C[C[C[C[C[C[C[C[C[C[C[C[C[C[C[C[C[C[C[C[C[Cn""d"d"a"v"i"s"/"h"a"r"w"e"l"l"
]0;~/Documents/Data/harwell6300L-127771-M:harwell malishev$ git push
fatal: The current branch master has no upstream branch.
To push the current branch and set the remote as upstream, use

    git push --set-upstream origin master

]0;~/Documents/Data/harwell6300L-127771-M:harwell malishev$ git oush [K[K[K[K[Kpush --set-upstream origin master
Counting objects: 31, done.
Delta compression using up to 4 threads.
Compressing objects:   3% (1/27)   Compressing objects:   7% (2/27)   Compressing objects:  11% (3/27)   Compressing objects:  14% (4/27)   Compressing objects:  18% (5/27)   Compressing objects:  22% (6/27)   Compressing objects:  25% (7/27)   Compressing objects:  29% (8/27)   Compressing objects:  33% (9/27)   Compressing objects:  37% (10/27)   Compressing objects:  40% (11/27)   Compressing objects:  44% (12/27)   Compressing objects:  48% (13/27)   Compressing objects:  51% (14/27)   Compressing objects:  55% (15/27)   Compressing objects:  59% (16/27)   Compressing objects:  62% (17/27)   Compressing objects:  66% (18/27)   Compressing objects:  70% (19/27)   Compressing objects:  74% (20/27)   Compressing objects:  77% (21/27)   Compressing objects:  81% (22/27)   Compressing objects:  85% (23/27)   Compressing objects:  88% (24/27)   Compressing objects:  92% (25/27)   Compressing objects:  96% (26/27)   Compressing objects: 100% (27/27)   Compressing objects: 100% (27/27), done.
Writing objects:   3% (1/31)   Writing objects:   6% (2/31)   Writing objects:   9% (3/31)   Writing objects:  12% (4/31)   Writing objects:  16% (5/31)   Writing objects:  19% (6/31)   Writing objects:  22% (7/31)   Writing objects:  25% (8/31)   Writing objects:  32% (10/31)   Writing objects:  35% (11/31)   Writing objects:  38% (12/31)   Writing objects:  41% (13/31)   Writing objects:  45% (14/31)   Writing objects:  48% (15/31)   Writing objects:  51% (16/31)   Writing objects:  54% (17/31)   Writing objects:  58% (18/31)   Writing objects:  61% (19/31)   Writing objects:  64% (20/31)   Writing objects:  67% (21/31)   Writing objects:  70% (22/31)   Writing objects:  74% (23/31)   Writing objects:  77% (24/31)   Writing objects:  80% (25/31)   Writing objects:  83% (26/31)   Writing objects:  87% (27/31)   Writing objects:  90% (28/31)   Writing objects:  93% (29/31)   Writing objects:  96% (30/31)   Writing objects: 100% (31/31)   Writing objects: 100% (31/31), 6.96 KiB | 0 bytes/s, done.
Total 31 (delta 3), reused 0 (delta 0)
remote: Resolving deltas:   0% (0/3)   [Kremote: Resolving deltas:  33% (1/3)   [Kremote: Resolving deltas:  66% (2/3)   [Kremote: Resolving deltas: 100% (3/3)   [Kremote: Resolving deltas: 100% (3/3), done.[K
To https://github.com/darwinanddavis/harwell
 * [new branch]      master -> master
Branch master set up to track remote branch master from origin.
]0;~/Documents/Data/harwell6300L-127771-M:harwell malishev$ git add .
]0;~/Documents/Data/harwell6300L-127771-M:harwell malishev$ git commit -m ''i'n'i't' 'u'p'[1P'[1P'[1P'[1P'[1P'[1P'[1P'i'n'i't'
[master d7a4d75] init
 9 files changed, 179 insertions(+), 25 deletions(-)
 create mode 100644 .Rproj.user/ABE7B653/sources/s-3B0F3C8F/B8450434
 create mode 100644 .Rproj.user/ABE7B653/sources/s-3B0F3C8F/B8450434-contents
]0;~/Documents/Data/harwell6300L-127771-M:harwell malishev$ git push
Counting objects: 15, done.
Delta compression using up to 4 threads.
Compressing objects:   6% (1/15)   Compressing objects:  13% (2/15)   Compressing objects:  20% (3/15)   Compressing objects:  26% (4/15)   Compressing objects:  33% (5/15)   Compressing objects:  40% (6/15)   Compressing objects:  46% (7/15)   Compressing objects:  53% (8/15)   Compressing objects:  60% (9/15)   Compressing objects:  66% (10/15)   Compressing objects:  73% (11/15)   Compressing objects:  80% (12/15)   Compressing objects:  86% (13/15)   Compressing objects:  93% (14/15)   Compressing objects: 100% (15/15)   Compressing objects: 100% (15/15), done.
Writing objects:   6% (1/15)   Writing objects:  13% (2/15)   Writing objects:  20% (3/15)   Writing objects:  26% (4/15)   Writing objects:  33% (5/15)   Writing objects:  40% (6/15)   Writing objects:  46% (7/15)   Writing objects:  53% (8/15)   Writing objects:  60% (9/15)   Writing objects:  66% (10/15)   Writing objects:  73% (11/15)   Writing objects:  80% (12/15)   Writing objects:  86% (13/15)   Writing objects:  93% (14/15)   Writing objects: 100% (15/15)   Writing objects: 100% (15/15), 5.39 KiB | 0 bytes/s, done.
Total 15 (delta 2), reused 0 (delta 0)
remote: Resolving deltas:   0% (0/2)   [Kremote: Resolving deltas:  50% (1/2)   [Kremote: Resolving deltas: 100% (2/2)   [Kremote: Resolving deltas: 100% (2/2), completed with 2 local objects.[K
To https://github.com/darwinanddavis/harwell
   93e456a..d7a4d75  master -> master
]0;~/Documents/Data/harwell6300L-127771-M:harwell malishev$ git pushcommit -m 'init'add .[K
]0;~/Documents/Data/harwell6300L-127771-M:harwell malishev$ git add .[1Ppushcommit -m 'init'[1P'[1P'[1P'[1P'u'p'd'a't'e' 'r'e'a'd' 'u'r'l'
[master 3f25076] update read url
 5 files changed, 32 insertions(+), 17 deletions(-)
]0;~/Documents/Data/harwell6300L-127771-M:harwell malishev$ git commit -m 'update read url'add .[K[1Ppushcommit -m 'init'push[K
Counting objects: 12, done.
Delta compression using up to 4 threads.
Compressing objects:   8% (1/12)   Compressing objects:  16% (2/12)   Compressing objects:  25% (3/12)   Compressing objects:  33% (4/12)   Compressing objects:  41% (5/12)   Compressing objects:  50% (6/12)   Compressing objects:  58% (7/12)   Compressing objects:  66% (8/12)   Compressing objects:  75% (9/12)   Compressing objects:  83% (10/12)   Compressing objects:  91% (11/12)   Compressing objects: 100% (12/12)   Compressing objects: 100% (12/12), done.
Writing objects:   8% (1/12)   Writing objects:  16% (2/12)   Writing objects:  25% (3/12)   Writing objects:  33% (4/12)   Writing objects:  41% (5/12)   Writing objects:  50% (6/12)   Writing objects:  58% (7/12)   Writing objects:  66% (8/12)   Writing objects:  75% (9/12)   Writing objects:  83% (10/12)   Writing objects:  91% (11/12)   Writing objects: 100% (12/12)   Writing objects: 100% (12/12), 1.55 KiB | 0 bytes/s, done.
Total 12 (delta 5), reused 0 (delta 0)
remote: Resolving deltas:   0% (0/5)   [Kremote: Resolving deltas:  20% (1/5)   [Kremote: Resolving deltas:  40% (2/5)   [Kremote: Resolving deltas:  60% (3/5)   [Kremote: Resolving deltas:  80% (4/5)   [Kremote: Resolving deltas: 100% (5/5)   [Kremote: Resolving deltas: 100% (5/5), completed with 5 local objects.[K
To https://github.com/darwinanddavis/harwell
   d7a4d75..3f25076  master -> master
git pushcommit -m 'add nov'add .[K
]0;~/Documents/Data/harwell6300L-127771-M:harwell malishev$ git add .[1Ppushcommit -m 'add nov'[1P'[1P'[1P'[1P'[1P'[1P'[1P'c'h'a'n'g'e'[1P'[1P'[1P'[1P'[1P'[1P'[K '[C'f'i'x' 'v'o'l'[1P
[master 23072ea] fix vol
 14 files changed, 135 insertions(+), 159 deletions(-)
 create mode 100644 .Rhistory
 rewrite .Rproj.user/ABE7B653/console06/INDEX001 (100%)
 delete mode 100644 .Rproj.user/ABE7B653/sources/s-3B0F3C8F/9BB4B8CF-contents
 delete mode 100644 .Rproj.user/ABE7B653/sources/s-3B0F3C8F/B8450434
 delete mode 100644 .Rproj.user/ABE7B653/sources/s-3B0F3C8F/B8450434-contents
 delete mode 100644 .Rproj.user/ABE7B653/sources/s-3B0F3C8F/C6CB5173
 delete mode 100644 .Rproj.user/ABE7B653/sources/s-3B0F3C8F/C6CB5173-contents
 delete mode 100644 .Rproj.user/ABE7B653/sources/s-3B0F3C8F/lock_file
]0;~/Documents/Data/harwell6300L-127771-M:harwell malishev$ git commit -m 'fix vol'add .[K[1Ppush
Counting objects: 15, done.
Delta compression using up to 4 threads.
Compressing objects:   7% (1/13)   Compressing objects:  15% (2/13)   Compressing objects:  23% (3/13)   Compressing objects:  30% (4/13)   Compressing objects:  38% (5/13)   Compressing objects:  46% (6/13)   Compressing objects:  53% (7/13)   Compressing objects:  61% (8/13)   Compressing objects:  69% (9/13)   Compressing objects:  76% (10/13)   Compressing objects:  84% (11/13)   Compressing objects:  92% (12/13)   Compressing objects: 100% (13/13)   Compressing objects: 100% (13/13), done.
Writing objects:   6% (1/15)   Writing objects:  13% (2/15)   Writing objects:  20% (3/15)   Writing objects:  26% (4/15)   Writing objects:  33% (5/15)   Writing objects:  40% (6/15)   Writing objects:  46% (7/15)   Writing objects:  53% (8/15)   Writing objects:  60% (9/15)   Writing objects:  66% (10/15)   Writing objects:  73% (11/15)   Writing objects:  80% (12/15)   Writing objects:  86% (13/15)   Writing objects:  93% (14/15)   Writing objects: 100% (15/15)   Writing objects: 100% (15/15), 3.01 KiB | 0 bytes/s, done.
Total 15 (delta 4), reused 0 (delta 0)
remote: Resolving deltas:   0% (0/4)   [Kremote: Resolving deltas:  25% (1/4)   [Kremote: Resolving deltas:  50% (2/4)   [Kremote: Resolving deltas:  75% (3/4)   [Kremote: Resolving deltas: 100% (4/4)   [Kremote: Resolving deltas: 100% (4/4), completed with 4 local objects.[K
To https://github.com/darwinanddavis/harwell
   3f25076..23072ea  master -> master
]0;~/Documents/Data/harwell6300L-127771-M:harwell malishev$ git pushcommit -m 'fix vol'add .[K
]0;~/Documents/Data/harwell6300L-127771-M:harwell malishev$ git add .[1Ppushcommit -m 'fix vol'[1P'[1P'[1P'w'a'v' 'l'i's't' 'r'e'a'd'
[master 35609bd] fix wav list read
 5 files changed, 30 insertions(+), 9 deletions(-)
]0;~/Documents/Data/harwell6300L-127771-M:harwell malishev$ git commit -m 'fix wav list read'add .[K[1Ppush
Counting objects: 12, done.
Delta compression using up to 4 threads.
Compressing objects:   9% (1/11)   Compressing objects:  18% (2/11)   Compressing objects:  27% (3/11)   Compressing objects:  36% (4/11)   Compressing objects:  45% (5/11)   Compressing objects:  54% (6/11)   Compressing objects:  63% (7/11)   Compressing objects:  72% (8/11)   Compressing objects:  81% (9/11)   Compressing objects:  90% (10/11)   Compressing objects: 100% (11/11)   Compressing objects: 100% (11/11), done.
Writing objects:   8% (1/12)   Writing objects:  16% (2/12)   Writing objects:  25% (3/12)   Writing objects:  33% (4/12)   Writing objects:  41% (5/12)   Writing objects:  50% (6/12)   Writing objects:  58% (7/12)   Writing objects:  66% (8/12)   Writing objects:  75% (9/12)   Writing objects:  83% (10/12)   Writing objects:  91% (11/12)   Writing objects: 100% (12/12)   Writing objects: 100% (12/12), 1.45 KiB | 0 bytes/s, done.
Total 12 (delta 4), reused 0 (delta 0)
remote: Resolving deltas:   0% (0/4)   [Kremote: Resolving deltas:  25% (1/4)   [Kremote: Resolving deltas:  50% (2/4)   [Kremote: Resolving deltas:  75% (3/4)   [Kremote: Resolving deltas: 100% (4/4)   [Kremote: Resolving deltas: 100% (4/4), completed with 4 local objects.[K
To https://github.com/darwinanddavis/harwell
   23072ea..35609bd  master -> master
]0;~/Documents/Data/harwell6300L-127771-M:harwell malishev$ git pushcommit -m 'fix wav list read'add .[K
]0;~/Documents/Data/harwell6300L-127771-M:harwell malishev$ git add .[1Ppushcommit -m 'fix wav list read';'4'D';'4'D';'4'D'[1P'[1P'[1P'[1P'[1P'[1P'[1P'[1P'[1P'[1P'[1P'[1P'[1P'[1P'[1P'[1P'[1P'[1P'[1P'[1P'[1P'[1P'[1P' 'u'r'l' 'r'e'a'd'
[master 091fcab] fix url read
 3 files changed, 23 insertions(+), 10 deletions(-)
]0;~/Documents/Data/harwell6300L-127771-M:harwell malishev$ git commit -m 'fix url read'add .[K[1Ppush
Counting objects: 10, done.
Delta compression using up to 4 threads.
Compressing objects:  11% (1/9)   Compressing objects:  22% (2/9)   Compressing objects:  33% (3/9)   Compressing objects:  44% (4/9)   Compressing objects:  55% (5/9)   Compressing objects:  66% (6/9)   Compressing objects:  77% (7/9)   Compressing objects:  88% (8/9)   Compressing objects: 100% (9/9)   Compressing objects: 100% (9/9), done.
Writing objects:  10% (1/10)   Writing objects:  20% (2/10)   Writing objects:  30% (3/10)   Writing objects:  40% (4/10)   Writing objects:  50% (5/10)   Writing objects:  60% (6/10)   Writing objects:  70% (7/10)   Writing objects:  80% (8/10)   Writing objects:  90% (9/10)   Writing objects: 100% (10/10)   Writing objects: 100% (10/10), 1.23 KiB | 0 bytes/s, done.
Total 10 (delta 3), reused 0 (delta 0)
remote: Resolving deltas:   0% (0/3)   [Kremote: Resolving deltas:  33% (1/3)   [Kremote: Resolving deltas:  66% (2/3)   [Kremote: Resolving deltas: 100% (3/3)   [Kremote: Resolving deltas: 100% (3/3), completed with 3 local objects.[K
To https://github.com/darwinanddavis/harwell
   35609bd..091fcab  master -> master
]0;~/Documents/Data/harwell6300L-127771-M:harwell malishev$ git add .
]0;~/Documents/Data/harwell6300L-127771-M:harwell malishev$ git commit -m [K ''a'l't' 's'c'[1P'[1P'f'u'n'c' 'n'a'm'e'
[master 8a25888] alt func name
 5 files changed, 20 insertions(+), 7 deletions(-)
]0;~/Documents/Data/harwell6300L-127771-M:harwell malishev$ git pish[K[K[Kush[K[K[K[Kremote -v
origin	https://github.com/darwinanddavis/harwell (fetch)
origin	https://github.com/darwinanddavis/harwell (push)
]0;~/Documents/Data/harwell6300L-127771-M:harwell malishev$ git push
Counting objects: 12, done.
Delta compression using up to 4 threads.
Compressing objects:   9% (1/11)   Compressing objects:  18% (2/11)   Compressing objects:  27% (3/11)   Compressing objects:  36% (4/11)   Compressing objects:  45% (5/11)   Compressing objects:  54% (6/11)   Compressing objects:  63% (7/11)   Compressing objects:  72% (8/11)   Compressing objects:  81% (9/11)   Compressing objects:  90% (10/11)   Compressing objects: 100% (11/11)   Compressing objects: 100% (11/11), done.
Writing objects:   8% (1/12)   Writing objects:  16% (2/12)   Writing objects:  25% (3/12)   Writing objects:  33% (4/12)   Writing objects:  41% (5/12)   Writing objects:  50% (6/12)   Writing objects:  58% (7/12)   Writing objects:  66% (8/12)   Writing objects:  75% (9/12)   Writing objects:  83% (10/12)   Writing objects:  91% (11/12)   Writing objects: 100% (12/12)   Writing objects: 100% (12/12), 1.34 KiB | 0 bytes/s, done.
Total 12 (delta 4), reused 0 (delta 0)
remote: Resolving deltas:   0% (0/4)   [Kremote: Resolving deltas:  25% (1/4)   [Kremote: Resolving deltas:  50% (2/4)   [Kremote: Resolving deltas:  75% (3/4)   [Kremote: Resolving deltas: 100% (4/4)   [Kremote: Resolving deltas: 100% (4/4), completed with 4 local objects.[K
To https://github.com/darwinanddavis/harwell
   091fcab..8a25888  master -> master
]0;~/Documents/Data/harwell6300L-127771-M:harwell malishev$ git pushremote -vcommit -m 'alt func name'add .[K
]0;~/Documents/Data/harwell6300L-127771-M:harwell malishev$ git add .[1Ppushremote -vcommit -m 'alt func name';'2'D';'2'D';'2'D'[1P'[1P'[1P'[1P'[1P'[1P'[1P'[1P'[1P'[1P'[1P'[1P'[1P'[1P'[1P'[1P'[1P'[1P'[1P'[1P'[1P'[1P'h'a'r'w'e'l'l' 'g'i's't'[1P'[1P'f't'
[master 980bb63] harwell gift
 4 files changed, 38 insertions(+), 11 deletions(-)
]0;~/Documents/Data/harwell6300L-127771-M:harwell malishev$ git commit -m 'harwell gift'add .[K[1Ppush
Counting objects: 11, done.
Delta compression using up to 4 threads.
Compressing objects:  10% (1/10)   Compressing objects:  20% (2/10)   Compressing objects:  30% (3/10)   Compressing objects:  40% (4/10)   Compressing objects:  50% (5/10)   Compressing objects:  60% (6/10)   Compressing objects:  70% (7/10)   Compressing objects:  80% (8/10)   Compressing objects:  90% (9/10)   Compressing objects: 100% (10/10)   Compressing objects: 100% (10/10), done.
Writing objects:   9% (1/11)   Writing objects:  18% (2/11)   Writing objects:  27% (3/11)   Writing objects:  36% (4/11)   Writing objects:  45% (5/11)   Writing objects:  54% (6/11)   Writing objects:  63% (7/11)   Writing objects:  72% (8/11)   Writing objects:  81% (9/11)   Writing objects:  90% (10/11)   Writing objects: 100% (11/11)   Writing objects: 100% (11/11), 1.15 KiB | 0 bytes/s, done.
Total 11 (delta 3), reused 0 (delta 0)
remote: Resolving deltas:   0% (0/3)   [Kremote: Resolving deltas:  33% (1/3)   [Kremote: Resolving deltas:  66% (2/3)   [Kremote: Resolving deltas: 100% (3/3)   [Kremote: Resolving deltas: 100% (3/3), completed with 3 local objects.[K
To https://github.com/darwinanddavis/harwell
   8a25888..980bb63  master -> master
git pushcommit -m 'harwell gift'push[Kcommit -m 'harwell gift'add .[K
]0;~/Documents/Data/harwell6300L-127771-M:harwell malishev$ git add .[1Ppushcommit -m 'harwell gift'[1P'[1P'[1P'[1P'[1P'[1P'[1P'[1P'[1P'[1P'[1P'a'r'w'e'l'l'.'R' 'p's'u'h'[1P'[1P'[1P'u's'h'
[master 6b7d2cc] harwell.R push
 9 files changed, 476 insertions(+), 50 deletions(-)
 rewrite .Rproj.user/ABE7B653/console06/INDEX001 (85%)
 rename snab_wavs.R => harwell.R (100%)
 rename snab_wavs.Rproj => harwell.Rproj (100%)
]0;~/Documents/Data/harwell6300L-127771-M:harwell malishev$ git commit -m 'harwell.R push'add .[K[1Ppushcommit -m 'harwell gift'push[K
Counting objects: 16, done.
Delta compression using up to 4 threads.
Compressing objects:   7% (1/14)   Compressing objects:  14% (2/14)   Compressing objects:  21% (3/14)   Compressing objects:  28% (4/14)   Compressing objects:  35% (5/14)   Compressing objects:  42% (6/14)   Compressing objects:  50% (7/14)   Compressing objects:  57% (8/14)   Compressing objects:  64% (9/14)   Compressing objects:  71% (10/14)   Compressing objects:  78% (11/14)   Compressing objects:  85% (12/14)   Compressing objects:  92% (13/14)   Compressing objects: 100% (14/14)   Compressing objects: 100% (14/14), done.
Writing objects:   6% (1/16)   Writing objects:  12% (2/16)   Writing objects:  18% (3/16)   Writing objects:  25% (4/16)   Writing objects:  31% (5/16)   Writing objects:  37% (6/16)   Writing objects:  43% (7/16)   Writing objects:  50% (8/16)   Writing objects:  56% (9/16)   Writing objects:  62% (10/16)   Writing objects:  68% (11/16)   Writing objects:  75% (12/16)   Writing objects:  81% (13/16)   Writing objects:  87% (14/16)   Writing objects:  93% (15/16)   Writing objects: 100% (16/16)   Writing objects: 100% (16/16), 3.26 KiB | 0 bytes/s, done.
Total 16 (delta 4), reused 0 (delta 0)
remote: Resolving deltas:   0% (0/4)   [Kremote: Resolving deltas:  25% (1/4)   [Kremote: Resolving deltas:  50% (2/4)   [Kremote: Resolving deltas:  75% (3/4)   [Kremote: Resolving deltas: 100% (4/4)   [Kremote: Resolving deltas: 100% (4/4), completed with 4 local objects.[K
To https://github.com/darwinanddavis/harwell
   980bb63..6b7d2cc  master -> master
git add .
]0;~/Documents/Data/harwell6300L-127771-M:harwell malishev$ it[K[Kgit status
On branch master
Your branch is up-to-date with 'origin/master'.
Changes to be committed:
  (use "git reset HEAD <file>..." to unstage)

	[32mmodified:   .Rhistory[m
	[32mmodified:   .Rproj.user/ABE7B653/console06/D75EE2DD[m
	[32mmodified:   .Rproj.user/ABE7B653/console06/D75EE2DD.env[m
	[32mmodified:   .Rproj.user/ABE7B653/console06/INDEX001[m
	[32mmodified:   .Rproj.user/ABE7B653/sources/prop/FB77F338[m
	[32mnew file:   as_exp.wav[m
	[32mmodified:   harwell.R[m
	[32mmodified:   harwell_gift.R[m

Changes not staged for commit:
  (use "git add <file>..." to update what will be committed)
  (use "git checkout -- <file>..." to discard changes in working directory)

	[31mmodified:   .Rproj.user/ABE7B653/console06/D75EE2DD[m

]0;~/Documents/Data/harwell6300L-127771-M:harwell malishev$ git commit 0[K-m ''a'd'd' 'a's'_'e'x'p'
[master 8773315] add as_exp
 8 files changed, 42 insertions(+), 30 deletions(-)
 rewrite .Rproj.user/ABE7B653/console06/INDEX001 (85%)
 create mode 100644 as_exp.wav
]0;~/Documents/Data/harwell6300L-127771-M:harwell malishev$ git commit -m 'add as_exp'status[K[1Padd .[1Ppush
Counting objects: 15, done.
Delta compression using up to 4 threads.
Compressing objects:   7% (1/14)   Compressing objects:  14% (2/14)   Compressing objects:  21% (3/14)   Compressing objects:  28% (4/14)   Compressing objects:  35% (5/14)   Compressing objects:  42% (6/14)   Compressing objects:  50% (7/14)   Compressing objects:  57% (8/14)   Compressing objects:  64% (9/14)   Compressing objects:  71% (10/14)   Compressing objects:  78% (11/14)   Compressing objects:  85% (12/14)   Compressing objects:  92% (13/14)   Compressing objects: 100% (14/14)   Compressing objects: 100% (14/14), done.
Writing objects:   6% (1/15)   Writing objects:  13% (2/15)   Writing objects:  20% (3/15)   Writing objects:  26% (4/15)   Writing objects:  33% (5/15)   Writing objects:  40% (6/15)   Writing objects:  46% (7/15)   Writing objects:  53% (8/15)   Writing objects:  60% (9/15)   Writing objects:  66% (10/15)   Writing objects:  73% (11/15)   Writing objects:  80% (12/15)   Writing objects:  86% (13/15), 2.41 MiB | 4.72 MiB/s   Writing objects:  93% (14/15), 2.41 MiB | 4.72 MiB/s   Writing objects: 100% (15/15), 2.41 MiB | 4.72 MiB/s   Writing objects: 100% (15/15), 4.05 MiB | 4.72 MiB/s, done.
Total 15 (delta 6), reused 0 (delta 0)
remote: Resolving deltas:   0% (0/6)   [Kremote: Resolving deltas:  16% (1/6)   [Kremote: Resolving deltas:  33% (2/6)   [Kremote: Resolving deltas:  50% (3/6)   [Kremote: Resolving deltas:  66% (4/6)   [Kremote: Resolving deltas:  83% (5/6)   [Kremote: Resolving deltas: 100% (6/6)   [Kremote: Resolving deltas: 100% (6/6), completed with 6 local objects.[K
To https://github.com/darwinanddavis/harwell
   6b7d2cc..8773315  master -> master
]0;~/Documents/Data/harwell6300L-127771-M:harwell malishev$ git remote -v
origin	https://github.com/darwinanddavis/harwell (fetch)
origin	https://github.com/darwinanddavis/harwell (push)
]0;~/Documents/Data/harwell6300L-127771-M:harwell malishev$ git add .
]0;~/Documents/Data/harwell6300L-127771-M:harwell malishev$ git commit -m ''e'n'[1P'[1P'r'e'n'a'm'e' 'f'i'l'e's'[1P'[1P'[1P'[1P'[1P's'c'r'i'p't's'
[master 1d818b3] rename scripts
 4 files changed, 46 insertions(+), 5 deletions(-)
]0;~/Documents/Data/harwell6300L-127771-M:harwell malishev$ git piush[K[K[K[Kush
Counting objects: 11, done.
Delta compression using up to 4 threads.
Compressing objects:  10% (1/10)   Compressing objects:  20% (2/10)   Compressing objects:  30% (3/10)   Compressing objects:  40% (4/10)   Compressing objects:  50% (5/10)   Compressing objects:  60% (6/10)   Compressing objects:  70% (7/10)   Compressing objects:  80% (8/10)   Compressing objects:  90% (9/10)   Compressing objects: 100% (10/10)   Compressing objects: 100% (10/10), done.
Writing objects:   9% (1/11)   Writing objects:  18% (2/11)   Writing objects:  27% (3/11)   Writing objects:  36% (4/11)   Writing objects:  45% (5/11)   Writing objects:  54% (6/11)   Writing objects:  63% (7/11)   Writing objects:  72% (8/11)   Writing objects:  81% (9/11)   Writing objects:  90% (10/11)   Writing objects: 100% (11/11)   Writing objects: 100% (11/11), 1.36 KiB | 0 bytes/s, done.
Total 11 (delta 4), reused 0 (delta 0)
remote: Resolving deltas:   0% (0/4)   [Kremote: Resolving deltas:  25% (1/4)   [Kremote: Resolving deltas:  50% (2/4)   [Kremote: Resolving deltas:  75% (3/4)   [Kremote: Resolving deltas: 100% (4/4)   [Kremote: Resolving deltas: 100% (4/4), completed with 4 local objects.[K
To https://github.com/darwinanddavis/harwell
   8773315..1d818b3  master -> master
git add . 
